// Jest Snapshot v1, https://goo.gl/fbAQLP

exports[`<IdeaCard /> Render should render correctly 1`] = `ShallowWrapper {}`;
